[    0.000000] Initializing cgroup subsys cpuset
[    0.000000] Initializing cgroup subsys cpu
[    0.000000] Initializing cgroup subsys cpuacct
[    0.000000] Linux version 4.4.0-83-generic (buildd@lgw01-29) (gcc version 5.4.0 20160609 (Ubuntu 5.4.0-6ubuntu1~16.04.4) ) #106-Ubuntu SMP Mon Jun 26 17:54:43 UTC 2017 (Ubuntu 4.4.0-83.106-generic 4.4.70)
[    0.000000] Command line: BOOT_IMAGE=/boot/vmlinuz-4.4.0-83-generic root=UUID=df85811f-c779-4442-b6de-17c23a687fa1 ro console=tty1 console=ttyS0
[    0.000000] KERNEL supported cpus:
[    0.000000]   Intel GenuineIntel
[    0.000000]   AMD AuthenticAMD
[    0.000000]   Centaur CentaurHauls
[    0.000000] x86/fpu: xstate_offset[2]:  576, xstate_sizes[2]:  256
[    0.000000] x86/fpu: Supporting XSAVE feature 0x01: 'x87 floating point registers'
[    0.000000] x86/fpu: Supporting XSAVE feature 0x02: 'SSE registers'
[    0.000000] x86/fpu: Supporting XSAVE feature 0x04: 'AVX registers'
[    0.000000] x86/fpu: Enabled xstate features 0x7, context size is 832 bytes, using 'standard' format.
[    0.000000] x86/fpu: Using 'lazy' FPU context switches.
[    0.000000] e820: BIOS-provided physical RAM map:
[    0.000000] BIOS-e820: [mem 0x0000000000000000-0x000000000009fbff] usable
[    0.000000] BIOS-e820: [mem 0x000000000009fc00-0x000000000009ffff] reserved
[    0.000000] BIOS-e820: [mem 0x00000000000f0000-0x00000000000fffff] reserved
[    0.000000] BIOS-e820: [mem 0x0000000000100000-0x000000007e7effff] usable
[    0.000000] BIOS-e820: [mem 0x000000007e7f0000-0x000000007e7fffff] ACPI data
[    0.000000] BIOS-e820: [mem 0x00000000fec00000-0x00000000fec00fff] reserved
[    0.000000] BIOS-e820: [mem 0x00000000fee00000-0x00000000fee00fff] reserved
[    0.000000] BIOS-e820: [mem 0x00000000fffc0000-0x00000000ffffffff] reserved
[    0.000000] NX (Execute Disable) protection: active
[    0.000000] SMBIOS 2.5 present.
[    0.000000] Hypervisor detected: KVM
[    0.000000] e820: last_pfn = 0x7e7f0 max_arch_pfn = 0x400000000
[    0.000000] MTRR: Disabled
[    0.000000] x86/PAT: MTRRs disabled, skipping PAT initialization too.
[    0.000000] x86/PAT: Configuration [0-7]: WB  WT  UC- UC  WB  WT  UC- UC  
[    0.000000] CPU MTRRs all blank - virtualized system.
[    0.000000] found SMP MP-table at [mem 0x0009fff0-0x0009ffff] mapped at [ffff88000009fff0]
[    0.000000] Scanning 1 areas for low memory corruption
[    0.000000] RAMDISK: [mem 0x36238000-0x37113fff]
[    0.000000] ACPI: Early table checksum verification disabled
[    0.000000] ACPI: RSDP 0x00000000000E0000 000024 (v02 VBOX  )
[    0.000000] ACPI: XSDT 0x000000007E7F0030 00003C (v01 VBOX   VBOXXSDT 00000001 ASL  00000061)
[    0.000000] ACPI: FACP 0x000000007E7F00F0 0000F4 (v04 VBOX   VBOXFACP 00000001 ASL  00000061)
[    0.000000] ACPI: DSDT 0x000000007E7F0470 0021C8 (v02 VBOX   VBOXBIOS 00000002 INTL 20100528)
[    0.000000] ACPI: FACS 0x000000007E7F0200 000040
[    0.000000] ACPI: FACS 0x000000007E7F0200 000040
[    0.000000] ACPI: APIC 0x000000007E7F0240 00005C (v02 VBOX   VBOXAPIC 00000001 ASL  00000061)
[    0.000000] ACPI: SSDT 0x000000007E7F02A0 0001CC (v01 VBOX   VBOXCPUT 00000002 INTL 20100528)
[    0.000000] No NUMA configuration found
[    0.000000] Faking a node at [mem 0x0000000000000000-0x000000007e7effff]
[    0.000000] NODE_DATA(0) allocated [mem 0x7e7eb000-0x7e7effff]
[    0.000000] kvm-clock: Using msrs 4b564d01 and 4b564d00
[    0.000000] kvm-clock: cpu 0, msr 0:7e7e3001, primary cpu clock
[    0.000000] kvm-clock: using sched offset of 4547372376 cycles
[    0.000000] clocksource: kvm-clock: mask: 0xffffffffffffffff max_cycles: 0x1cd42e4dffb, max_idle_ns: 881590591483 ns
[    0.000000] Zone ranges:
[    0.000000]   DMA      [mem 0x0000000000001000-0x0000000000ffffff]
[    0.000000]   DMA32    [mem 0x0000000001000000-0x000000007e7effff]
[    0.000000]   Normal   empty
[    0.000000]   Device   empty
[    0.000000] Movable zone start for each node
[    0.000000] Early memory node ranges
[    0.000000]   node   0: [mem 0x0000000000001000-0x000000000009efff]
[    0.000000]   node   0: [mem 0x0000000000100000-0x000000007e7effff]
[    0.000000] Initmem setup node 0 [mem 0x0000000000001000-0x000000007e7effff]
[    0.000000] ACPI: PM-Timer IO Port: 0x4008
[    0.000000] IOAPIC[0]: apic_id 2, version 32, address 0xfec00000, GSI 0-23
[    0.000000] ACPI: INT_SRC_OVR (bus 0 bus_irq 0 global_irq 2 dfl dfl)
[    0.000000] ACPI: INT_SRC_OVR (bus 0 bus_irq 9 global_irq 9 high level)
[    0.000000] Using ACPI (MADT) for SMP configuration information
[    0.000000] smpboot: Allowing 2 CPUs, 0 hotplug CPUs
[    0.000000] PM: Registered nosave memory: [mem 0x00000000-0x00000fff]
[    0.000000] PM: Registered nosave memory: [mem 0x0009f000-0x0009ffff]
[    0.000000] PM: Registered nosave memory: [mem 0x000a0000-0x000effff]
[    0.000000] PM: Registered nosave memory: [mem 0x000f0000-0x000fffff]
[    0.000000] e820: [mem 0x7e800000-0xfebfffff] available for PCI devices
[    0.000000] Booting paravirtualized kernel on KVM
[    0.000000] clocksource: refined-jiffies: mask: 0xffffffff max_cycles: 0xffffffff, max_idle_ns: 7645519600211568 ns
[    0.000000] setup_percpu: NR_CPUS:512 nr_cpumask_bits:512 nr_cpu_ids:2 nr_node_ids:1
[    0.000000] PERCPU: Embedded 33 pages/cpu @ffff88007e400000 s98264 r8192 d28712 u1048576
[    0.000000] PV qspinlock hash table entries: 256 (order: 0, 4096 bytes)
[    0.000000] Built 1 zonelists in Node order, mobility grouping on.  Total pages: 509913
[    0.000000] Policy zone: DMA32
[    0.000000] Kernel command line: BOOT_IMAGE=/boot/vmlinuz-4.4.0-83-generic root=UUID=df85811f-c779-4442-b6de-17c23a687fa1 ro console=tty1 console=ttyS0
[    0.000000] PID hash table entries: 4096 (order: 3, 32768 bytes)
[    0.000000] Memory: 2004976K/2072120K available (8469K kernel code, 1294K rwdata, 3984K rodata, 1488K init, 1316K bss, 67144K reserved, 0K cma-reserved)
[    0.000000] SLUB: HWalign=64, Order=0-3, MinObjects=0, CPUs=2, Nodes=1
[    0.000000] Hierarchical RCU implementation.
[    0.000000] 	Build-time adjustment of leaf fanout to 64.
[    0.000000] 	RCU restricting CPUs from NR_CPUS=512 to nr_cpu_ids=2.
[    0.000000] RCU: Adjusting geometry for rcu_fanout_leaf=64, nr_cpu_ids=2
[    0.000000] NR_IRQS:33024 nr_irqs:440 16
[    0.000000] Console: colour VGA+ 80x25
[    0.000000] console [tty1] enabled
[    0.000000] console [ttyS0] enabled
[    0.000000] tsc: Detected 2594.118 MHz processor
[    3.089218] Calibrating delay loop (skipped) preset value.. 5188.23 BogoMIPS (lpj=10376472)
[    3.113624] pid_max: default: 32768 minimum: 301
[    3.124948] ACPI: Core revision 20150930
[    3.127265] ACPI: 2 ACPI AML tables successfully acquired and loaded
[    3.140787] Security Framework initialized
[    3.170438] Yama: becoming mindful.
[    3.197397] AppArmor: AppArmor initialized
[    3.210540] Dentry cache hash table entries: 262144 (order: 9, 2097152 bytes)
[    3.230374] Inode-cache hash table entries: 131072 (order: 8, 1048576 bytes)
[    3.246529] Mount-cache hash table entries: 4096 (order: 3, 32768 bytes)
[    3.257646] Mountpoint-cache hash table entries: 4096 (order: 3, 32768 bytes)
[    3.325871] Initializing cgroup subsys io
[    3.395948] Initializing cgroup subsys memory
[    3.409219] Initializing cgroup subsys devices
[    3.414810] Initializing cgroup subsys freezer
[    3.422626] Initializing cgroup subsys net_cls
[    3.425403] Initializing cgroup subsys perf_event
[    3.435452] Initializing cgroup subsys net_prio
[    3.439232] Initializing cgroup subsys hugetlb
[    3.443326] Initializing cgroup subsys pids
[    3.461375] CPU: Physical Processor ID: 0
[    3.469340] CPU: Processor Core ID: 0
[    3.475523] mce: CPU supports 0 MCE banks
[    3.483289] Last level iTLB entries: 4KB 512, 2MB 8, 4MB 8
[    3.485672] Last level dTLB entries: 4KB 512, 2MB 32, 4MB 32, 1GB 0
[    3.496003] Freeing SMP alternatives memory: 32K (ffffffff820b9000 - ffffffff820c1000)
[    3.536319] ftrace: allocating 32129 entries in 126 pages
[    3.614799] smpboot: APIC(0) Converting physical 0 to logical package 0
[    3.690470] smpboot: Max logical packages: 1
[    3.723641] x2apic enabled
[    3.755131] Switched APIC routing to physical x2apic.
[    3.801565] ..TIMER: vector=0x30 apic1=0 pin1=2 apic2=-1 pin2=-1
[    3.991847] smpboot: CPU0: Intel(R) Core(TM) i5-3230M CPU @ 2.60GHz (family: 0x6, model: 0x3a, stepping: 0x9)
[    4.123669] Performance Events: unsupported p6 CPU model 58 no PMU driver, software events only.
[    4.268528] KVM setup paravirtual spinlock
[    4.273204] x86: Booting SMP configuration:
[    4.357957] .... node  #0, CPUs:      #1
[    4.374303] kvm-clock: cpu 1, msr 0:7e7e3041, secondary cpu clock
[    4.385215] mce: CPU supports 0 MCE banks
[    4.389422] x86: Booted up 1 node, 2 CPUs
[    4.446315] smpboot: Total of 2 processors activated (10376.47 BogoMIPS)
[    4.512361] devtmpfs: initialized
[    4.521432] evm: security.selinux
[    4.544379] evm: security.SMACK64
[    4.545168] evm: security.SMACK64EXEC
[    4.593363] evm: security.SMACK64TRANSMUTE
[    4.599773] evm: security.SMACK64MMAP
[    4.601309] evm: security.ima
[    4.609174] evm: security.capability
[    4.630452] clocksource: jiffies: mask: 0xffffffff max_cycles: 0xffffffff, max_idle_ns: 7645041785100000 ns
[    4.651167] futex hash table entries: 512 (order: 3, 32768 bytes)
[    4.663777] pinctrl core: initialized pinctrl subsystem
[    4.678484] RTC time: 18:45:14, date: 11/01/17
[    4.695003] NET: Registered protocol family 16
[    4.732939] cpuidle: using governor ladder
[    4.764974] cpuidle: using governor menu
[    4.778681] PCCT header not found.
[    4.786840] ACPI: bus type PCI registered
[    4.807018] acpiphp: ACPI Hot Plug PCI Controller Driver version: 0.5
[    4.888995] PCI: Using configuration type 1 for base access
[    4.967189] ACPI: Added _OSI(Module Device)
[    5.004539] ACPI: Added _OSI(Processor Device)
[    5.027369] ACPI: Added _OSI(3.0 _SCP Extensions)
[    5.081623] ACPI: Added _OSI(Processor Aggregator Device)
[    5.138158] ACPI: Executed 1 blocks of module-level executable AML code
[    5.161321] ACPI: Interpreter enabled
[    5.197186] ACPI: (supports S0 S5)
[    5.220324] ACPI: Using IOAPIC for interrupt routing
[    5.291028] PCI: Using host bridge windows from ACPI; if necessary, use "pci=nocrs" and report a bug
[    5.396095] ACPI: PCI Root Bridge [PCI0] (domain 0000 [bus 00-ff])
[    5.413461] acpi PNP0A03:00: _OSC: OS supports [ASPM ClockPM Segments MSI]
[    5.473265] acpi PNP0A03:00: _OSC failed (AE_NOT_FOUND); disabling ASPM
[    5.497924] acpi PNP0A03:00: fail to add MMCONFIG information, can't access extended PCI configuration space under this bridge.
[    5.615714] PCI host bridge to bus 0000:00
[    5.663224] pci_bus 0000:00: root bus resource [io  0x0000-0x0cf7 window]
[    5.695458] pci_bus 0000:00: root bus resource [io  0x0d00-0xffff window]
[    5.696949] pci_bus 0000:00: root bus resource [mem 0x000a0000-0x000bffff window]
[    5.698576] pci_bus 0000:00: root bus resource [mem 0x7e800000-0xffdfffff window]
[    5.700224] pci_bus 0000:00: root bus resource [bus 00-ff]
[    5.746996] pci 0000:00:01.1: legacy IDE quirk: reg 0x10: [io  0x01f0-0x01f7]
[    5.844774] pci 0000:00:01.1: legacy IDE quirk: reg 0x14: [io  0x03f6]
[    5.847073] pci 0000:00:01.1: legacy IDE quirk: reg 0x18: [io  0x0170-0x0177]
[    5.849857] pci 0000:00:01.1: legacy IDE quirk: reg 0x1c: [io  0x0376]
[    5.898415] pci 0000:00:07.0: quirk: [io  0x4000-0x403f] claimed by PIIX4 ACPI
[    5.923717] pci 0000:00:07.0: quirk: [io  0x4100-0x410f] claimed by PIIX4 SMB
[    5.959756] ACPI: PCI Interrupt Link [LNKA] (IRQs 5 9 10 *11)
[    5.999646] ACPI: PCI Interrupt Link [LNKB] (IRQs 5 9 10 *11)
[    6.008240] ACPI: PCI Interrupt Link [LNKC] (IRQs 5 9 *10 11)
[    6.021377] ACPI: PCI Interrupt Link [LNKD] (IRQs 5 *9 10 11)
[    6.023148] ACPI: Enabled 2 GPEs in block 00 to 07
[    6.027180] vgaarb: setting as boot device: PCI:0000:00:02.0
[    6.095911] vgaarb: device added: PCI:0000:00:02.0,decodes=io+mem,owns=io+mem,locks=none
[    6.097693] vgaarb: loaded
[    6.119511] vgaarb: bridge control possible 0000:00:02.0
[    6.177043] SCSI subsystem initialized
[    6.183188] ACPI: bus type USB registered
[    6.218311] usbcore: registered new interface driver usbfs
[    6.288407] usbcore: registered new interface driver hub
[    6.365784] usbcore: registered new device driver usb
[    6.432491] PCI: Using ACPI for IRQ routing
[    6.475199] NetLabel: Initializing
[    6.515362] NetLabel:  domain hash size = 128
[    6.559704] NetLabel:  protocols = UNLABELED CIPSOv4
[    6.561120] NetLabel:  unlabeled traffic allowed by default
[    6.580099] amd_nb: Cannot enumerate AMD northbridges
[    6.598601] clocksource: Switched to clocksource kvm-clock
[    6.732297] AppArmor: AppArmor Filesystem Enabled
[    6.789016] pnp: PnP ACPI init
[    6.876956] pnp: PnP ACPI: found 3 devices
[    6.912414] clocksource: acpi_pm: mask: 0xffffff max_cycles: 0xffffff, max_idle_ns: 2085701024 ns
[    6.987558] NET: Registered protocol family 2
[    6.999012] TCP established hash table entries: 16384 (order: 5, 131072 bytes)
[    7.019423] TCP bind hash table entries: 16384 (order: 6, 262144 bytes)
[    7.096451] TCP: Hash tables configured (established 16384 bind 16384)
[    7.128479] UDP hash table entries: 1024 (order: 3, 32768 bytes)
[    7.224719] UDP-Lite hash table entries: 1024 (order: 3, 32768 bytes)
[    7.372426] NET: Registered protocol family 1
[    7.435768] pci 0000:00:00.0: Limiting direct PCI/PCI transfers
[    7.492469] pci 0000:00:01.0: Activating ISA DMA hang workarounds
[    7.579076] Unpacking initramfs...
[    7.869653] Freeing initrd memory: 15216K (ffff880036238000 - ffff880037114000)
[    8.062320] RAPL PMU detected, API unit is 2^-32 Joules, 3 fixed counters 10737418240 ms ovfl timer
[    8.225957] hw unit of domain pp0-core 2^-0 Joules
[    8.343287] hw unit of domain package 2^-0 Joules
[    8.349596] hw unit of domain pp1-gpu 2^-0 Joules
[    8.416988] platform rtc_cmos: registered platform RTC device (no PNP device found)
[    8.560644] Scanng for low memory corruption every 60 seconds
[    8.711012] audit: initializing netlink subsys (disabled)
[    8.821157] audit: type=2000 audit(1509561918.344:1): initialized
[    8.940144] Initialise system trusted keyring
[    9.014484] HugeTLB registered 2 MB page size, pre-allocated 0 pages
[    9.029465] zbud: loaded
[    9.030475] VFS: Disk quotas dquot_6.6.0
[    9.065802] VFS: Dquot-cache hash table entries: 512 (order 0, 4096 bytes)
[    9.143986] squashfs: version 4.0 (2009/01/31) Phillip Lougher
[    9.220514] fuse init (API version 7.23)
[    9.246645] Key type big_key registered
[    9.318133] Allocating IMA MOK and blacklist keyrings.
[    9.351491] Key type asymmetric registered
[    9.398662] Asymmetric key parser 'x509' registered
[    9.446857] tsc: Refined TSC clocksource calibration: 2594.034 MHz
[    9.454840] Block layer SCSI generic (bsg) driver version 0.4 loaded (major 249)
[    9.550889] io scheduler noop registered
ÿ[    9.550893] io scheduler deadline registered (default)
[    9.550971] io scheduler cfq registered
[    9.551165] pci_hotplug: PCI Hot Plug PCI Core version: 0.5
[    9.551174] pciehp: PCI Express Hot Plug Controller Driver version: 0.4
[    9.551405] ACPI: AC Adapter [AC] (on-line)
[    9.551491] input: Power Button as /devices/LNXSYSTM:00/LNXPWRBN:00/input/input0
[    9.551495] ACPI: Power Button [PWRF]
[    9.551607] input: Sleep Button as /devices/LNXSYSTM:00/LNXSLPBN:00/input/input1
[    9.551609] ACPI: Sleep Button [SLPF]
[    9.551868] GHES: HEST is not enabled!
[    9.553138] ACPI: Battery Slot [BAT0] (battery present)
[    9.586707] Serial: 8250/16550 driver, 32 ports, IRQ sharing enabled
[    9.633406] 00:02: ttyS0 at I/O 0x3f8 (irq = 4, base_baud = 115200) is a 16550A
[    9.722593] Linux agpgart interface v0.103
[    9.822299] loop: module loaded
[    9.822957] scsi host0: ata_piix
[    9.823038] scsi host1: ata_piix
[    9.823071] ata1: PATA max UDMA/33 cmd 0x1f0 ctl 0x3f6 bmdma 0xd000 irq 14
[    9.823072] ata2: PATA max UDMA/33 cmd 0x170 ctl 0x376 bmdma 0xd008 irq 15
[    9.823155] libphy: Fixed MDIO Bus: probed
[    9.823157] tun: Universal TUN/TAP device driver, 1.6
[    9.823158] tun: (C) 1999-2004 Max Krasnyansky <maxk@qualcomm.com>
[    9.823513] PPP generic driver version 2.4.2
[    9.823574] ehci_hcd: USB 2.0 'Enhanced' Host Controller (EHCI) Driver
[    9.823578] ehci-pci: EHCI PCI platform driver
[    9.823597] ehci-platform: EHCI generic platform driver
[    9.823606] ohci_hcd: USB 1.1 'Open' Host Controller (OHCI) Driver
[    9.823609] ohci-pci: OHCI PCI platform driver
[    9.823618] ohci-platform: OHCI generic platform driver
[    9.823625] uhci_hcd: USB Universal Host Controller Interface driver
[    9.823687] i8042: PNP: PS/2 Controller [PNP0303:PS2K,PNP0f03:PS2M] at 0x60,0x64 irq 1,12
[    9.825867] serio: i8042 KBD port at 0x60,0x64 irq 1
[    9.825871] serio: i8042 AUX port at 0x60,0x64 irq 12
[    9.826009] mousedev: PS/2 mouse device common for all mice
[    9.826328] rtc_cmos rtc_cmos: rtc core: registered rtc_cmos as rtc0
[    9.826385] rtc_cmos rtc_cmos: alarms up to one day, 114 bytes nvram
[    9.826393] i2c /dev entries driver
[    9.826452] device-mapper: uevent: version 1.0.3
[    9.826507] device-mapper: ioctl: 4.34.0-ioctl (2015-10-28) initialised: dm-devel@redhat.com
[    9.826529] ledtrig-cpu: registered to indicate activity on CPUs
[    9.826846] NET: Registered protocol family 10
[    9.827045] NET: Registered protocol family 17
[    9.827056] Key type dns_resolver registered
[    9.827854] microcode: CPU0 sig=0x306a9, pf=0x2, revision=0x19
[    9.827861] microcode: CPU1 sig=0x306a9, pf=0x2, revision=0x19
[    9.827928] microcode: Microcode Update Driver: v2.01 <tigran@aivazian.fsnet.co.uk>, Peter Oruba
[    9.828064] registered taskstats version 1
[    9.828077] Loading compiled-in X.509 certificates
[    9.828786] Loaded X.509 cert 'Build time autogenerated kernel key: 35105354eb779045e4d9ad793dead39d5ee93f76'
[    9.828807] zswap: loaded using pool lzo/zbud
[    9.830423] Key type trusted registered
[    9.833289] Key type encrypted registered
[    9.833296] AppArmor: AppArmor sha1 policy hashing enabled
[    9.833299] ima: No TPM chip found, activating TPM-bypass!
[    9.833319] evm: HMAC attrs: 0x1
[    9.833670]   Magic number: 9:251:796
[    9.866972] rtc_cmos rtc_cmos: setting system clock to 2017-11-01 18:45:19 UTC (1509561919)
[    9.867198] BIOS EDD facility v0.16 2004-Jun-25, 0 devices found
[    9.867198] EDD information not available.
[   10.044709] input: AT Translated Set 2 keyboard as /devices/platform/i8042/serio0/input/input2
[   12.276366] clocksource: tsc: mask: 0xffffffffffffffff max_cycles: 0x256438646fa, max_idle_ns: 440795306989 ns
[   12.335636] Freeing unused kernel memory: 1488K (ffffffff81f45000 - ffffffff820b9000)
[   12.383491] Write protecting the kernel read-only data: 14336k
[   12.396055] Freeing unused kernel memory: 1760K (ffff880001848000 - ffff880001a00000)
[   12.417516] Freeing unused kernel memory: 112K (ffff880001de4000 - ffff880001e00000)
Loading, please wait...
starting version[   12.465492] random: systemd-udevd: uninitialized urandom read (16 bytes read, 4 bits of entropy available)
 229
[   12.466211] random: udevadm: uninitialized urandom read (16 bytes read, 4 bits of entropy available)
[   12.466231] random: udevadm: uninitialized urandom read (16 bytes read, 4 bits of entropy available)
[   12.474840] random: udevadm: uninitialized urandom read (16 bytes read, 4 bits of entropy available)
[   12.474882] random: udevadm: uninitialized urandom read (16 bytes read, 4 bits of entropy available)
[   12.475011] random: udevadm: uninitialized urandom read (16 bytes read, 4 bits of entropy available)
[   12.475062] random: udevadm: uninitialized urandom read (16 bytes read, 4 bits of entropy available)
[   12.475113] random: udevadm: uninitialized urandom read (16 bytes read, 4 bits of entropy available)
[   12.475163] random: udevadm: uninitialized urandom read (16 bytes read, 4 bits of entropy available)
[   12.475211] random: udevadm: uninitialized urandom read (16 bytes read, 4 bits of entropy available)
[   12.805507] e1000: Intel(R) PRO/1000 Network Driver - version 7.3.21-k8-NAPI
[   12.872926] e1000: Copyright (c) 1999-2006 Intel Corporation.
[   12.911171] Fusion MPT base driver 3.04.20
[   12.957487] Copyright (c) 1999-2008 LSI Corporation
[   12.981082] AVX version of gcm_enc/dec engaged.
[   12.986902] AES CTR mode by8 optimization enabled
[   13.051075] Fusion MPT SPI Host driver 3.04.20
[   13.172521] input: ImExPS/2 Generic Explorer Mouse as /devices/platform/i8042/serio1/input/input4
[   13.491223] e1000 0000:00:03.0 eth0: (PCI:33MHz:32-bit) 02:d7:1c:16:c9:17
[   13.529430] e1000 0000:00:03.0 eth0: Intel(R) PRO/1000 Network Connection
[   13.538390] mptbase: ioc0: Initiating bringup
[   13.623276] ioc0: LSI53C1030 A0: Capabilities={Initiator}
[   13.808521] scsi host2: ioc0: LSI53C1030 A0, FwRev=00000000h, Ports=1, MaxQ=256, IRQ=20
[   13.976282] scsi 2:0:0:0: Direct-Access     VBOX     HARDDISK         1.0  PQ: 0 ANSI: 5
[   14.210229] scsi target2:0:0: Beginning Domain Validation
[   14.291872] scsi target2:0:0: Domain Validation skipping write tests
[   14.320732] scsi target2:0:0: Ending Domain Validation
[   14.326974] scsi target2:0:0: asynchronous
[   14.334884] scsi 2:0:1:0: Direct-Access     VBOX     HARDDISK         1.0  PQ: 0 ANSI: 5
[   14.346426] scsi target2:0:1: Beginning Domain Validation
[   14.355142] scsi target2:0:1: Domain Validation skipping write tests
[   14.379520] scsi target2:0:1: Ending Domain Validation
[   14.384351] scsi target2:0:1: asynchronous
[   14.400387] sd 2:0:0:0: Attached scsi generic sg0 type 0
[   14.421271] sd 2:0:0:0: [sda] 20971520 512-byte logical blocks: (10.7 GB/10.0 GiB)
[   14.440058] sd 2:0:0:0: [sda] Write Protect is off
[   14.452248] sd 2:0:1:0: [sdb] 20480 512-byte logical blocks: (10.5 MB/10.0 MiB)
[   14.474535] sd 2:0:1:0: Attached scsi generic sg1 type 0
[   14.480354] sd 2:0:0:0: [sda] Incomplete mode parameter data
[   14.493844] sd 2:0:0:0: [sda] Assuming drive cache: write through
[   14.503508] sd 2:0:1:0: [sdb] Write Protect is off
[   14.514960] sd 2:0:1:0: [sdb] Incomplete mode parameter data
[   14.523961] sd 2:0:1:0: [sdb] Assuming drive cache: write through
[   14.533292] sd 2:0:1:0: [sdb] Attached SCSI disk
[   14.546716]  sda: sda1
[   14.555667] sd 2:0:0:0: [sda] Attached SCSI disk
[   14.680517] e1000 0000:00:08.0 eth1: (PCI:33MHz:32-bit) 08:00:27:a1:7e:b2
[   14.734071] e1000 0000:00:08.0 eth1: Intel(R) PRO/1000 Network Connection
[   14.785754] e1000 0000:00:03.0 enp0s3: renamed from eth0
[   14.815311] e1000 0000:00:08.0 enp0s8: renamed from eth1
[   15.974896] floppy0: no floppy controllers found
Begin: Loading e[   17.366693] md: linear personality registered for level -1
ssential drivers[   17.383639] md: multipath personality registered for level -4
 ... [   17.440614] md: raid0 personality registered for level 0
[   17.457326] md: raid1 personality registered for level 1
[   17.554898] raid6: sse2x1   gen()  7827 MB/s
[   17.634640] raid6: sse2x1   xor()  6316 MB/s
[   17.770968] raid6: sse2x2   gen() 10043 MB/s
[   17.871240] raid6: sse2x2   xor()  5442 MB/s
[   17.942648] raid6: sse2x4   gen()  8643 MB/s
[   18.030645] raid6: sse2x4   xor()  7189 MB/s
[   18.079804] raid6: using algorithm sse2x2 gen() 10043 MB/s
[   18.084442] raid6: .... xor() 5442 MB/s, rmw enabled
[   18.119363] raid6: using ssse3x2 recovery algorithm
[   18.138557] xor: automatically using best checksumming function:
[   18.206969]    avx       : 15539.000 MB/sec
[   18.217438] async_tx: api initialized (async)
[   18.230992] md: raid6 personality registered for level 6
[   18.246658] md: raid5 personality registered for level 5
[   18.254820] md: raid4 personality registered for level 4
[   18.267917] md: raid10 personality registered for level 10
done.
Begin: Running /scripts/init-premount ... done.
Begin: Mounting root file sys[   18.310275] Btrfs loaded
tem ... Begin: Running /scripts/local-top ... done.
Begin: Running /scripts/local-premount ... Scanning for Btrfs filesystems
done.
Warning: fsck no[   18.355564] EXT4-fs (sda1): mounted filesystem with ordered data mode. Opts: (null)
t present, so skipping root file system
done.
Begin: Running /scripts/local-bottom ... done.
Begin: Running /scripts/init-bottom ... done.
[   18.571184] systemd[1]: systemd 229 running in system mode. (+PAM +AUDIT +SELINUX +IMA +APPARMOR +SMACK +SYSVINIT +UTMP +LIBCRYPTSETUP +GCRYPT +GNUTLS +ACL +XZ -LZ4 +SECCOMP +BLKID +ELFUTILS +KMOD -IDN)
[   18.780412] systemd[1]: Detected virtualization oracle.
[   18.801650] systemd[1]: Detected architecture x86-64.

Welcome to [1mUbuntu 16.04.3 LTS[0m!

[   18.908149] systemd[1]: Set hostname to <laravelxenial>.
[   19.184635] systemd[1]: Reached target User and Group Name Lookups.
[[0;32m  OK  [0m] Reached target User and Group Name Lookups.
[   19.240528] systemd[1]: Listening on Journal Audit Socket.
[[0;32m  OK  [0m] Listening on Journal Audit Socket.
[   19.295040] systemd[1]: Listening on LVM2 metadata daemon socket.
[[0;32m  OK  [0m] Listening on LVM2 metadata daemon socket.
[   19.430995] systemd[1]: Listening on Journal Socket.
[[0;32m  OK  [0m] Listening on Journal Socket.
[   19.554996] systemd[1]: Reached target Swap.
[[0;32m  OK  [0m] Reached target Swap.
[   19.675925] systemd[1]: Listening on Syslog Socket.
[[0;32m  OK  [0m] Listening on Syslog Socket.
[   19.721548] systemd[1]: Created slice User and Session Slice.
[[0;32m  OK  [0m] Created slice User and Session Slice.
[   19.751741] systemd[1]: Listening on Journal Socket (/dev/log).
[[0;32m  OK  [0m] Listening on Journal Socket (/dev/log).
[   19.839475] systemd[1]: Listening on Device-mapper event daemon FIFOs.
[[0;32m  OK  [0m] Listening on Device-mapper event daemon FIFOs.
[   19.979414] systemd[1]: Reached target Encrypted Volumes.
[[0;32m  OK  [0m] Reached target Encrypted Volumes.
[   20.123226] systemd[1]: Set up automount Arbitrary Executable File Formats File System Automount Point.
[[0;32m  OK  [0m] Set up automount Arbitrary Executab...ats File System Automount Point.
[   20.311799] systemd[1]: Started Trigger resolvconf update for networkd DNS.
[[0;32m  OK  [0m] Started Trigger resolvconf update for networkd DNS.
[   20.375302] systemd[1]: Started Forward Password Requests to Wall Directory Watch.
[[0;32m  OK  [0m] Started Forward Password Requests to Wall Directory Watch.
[   20.427028] systemd[1]: Listening on udev Kernel Socket.
[[0;32m  OK  [0m] Listening on udev Kernel Socket.
[   20.452557] systemd[1]: Listening on /dev/initctl Compatibility Named Pipe.
[[0;32m  OK  [0m] Listening on /dev/initctl Compatibility Named Pipe.
[   20.555101] systemd[1]: Listening on udev Control Socket.
[[0;32m  OK  [0m] Listening on udev Control Socket.
[   20.659046] systemd[1]: Listening on LVM2 poll daemon socket.
[[0;32m  OK  [0m] Listening on LVM2 poll daemon socket.
[   20.847673] systemd[1]: Created slice System Slice.
[[0;32m  OK  [0m] Created slice System Slice.
[   20.957400] systemd[1]: Created slice system-serial\x2dgetty.slice.
[[0;32m  OK  [0m] Created slice system-serial\x2dgetty.slice.
[   21.158994] systemd[1]: Starting Monitoring of LVM2 mirrors, snapshots etc. using dmeventd or progress polling...
         Starting Monitoring of LVM2 mirrors... dmeventd or progress polling...
[   21.399511] systemd[1]: Starting Remount Root and Kernel File Systems...
[   21.405091] EXT4-fs (sda1): re-mounted. Opts: (null)
         Starting Remount Root and Kernel File Systems...
[   21.472090] systemd[1]: Starting Journal Service...
         Starting Journal Service...
[   21.526900] systemd[1]: Mounting Debug File System...
         Mounting Debug File System...
[   21.571101] systemd[1]: Reached target Slices.
[[0;32m  OK  [0m] Reached target Slices.
[   21.682864] systemd[1]: Starting Set console keymap...
         Starting Set console keymap...
[   21.787189] systemd[1]: Starting Nameserver information manager...
         Starting Nameserver information manager...
[   21.958095] random: nonblocking pool is initialized
[   22.035236] systemd[1]: Starting Load Kernel Modules...
[   22.062419] Loading iSCSI transport class v2.0-870.
         Starting Load Kernel Modules...
[   22.199215] systemd[1]: Mounting POSIX Message Queue File System...
         [   22.219928] iscsi: registered transport (tcp)
Mounting POSIX Message Queue File System...
[   22.347514] iscsi: registered transport (iser)
[   22.374801] systemd[1]: Mounting Huge Pages File System...
         Mounting Huge Pages File System...
[   22.558909] systemd[1]: Starting Uncomplicated firewall...
         Starting Uncomplicated firewall...
[   22.619498] systemd[1]: Starting Create list of required static device nodes for the current kernel...
         Starting Create list of required st... nodes for the current kernel...
[   22.821735] systemd[1]: Mounted Huge Pages File System.
[[0;32m  OK  [0m] Mounted Huge Pages File System.
[   22.994927] systemd[1]: Mounted Debug File System.
[[0;32m  OK  [0m] Mounted Debug File System.
[   23.095407] systemd[1]: Mounted POSIX Message Queue File System.
[[0;32m  OK  [0m] Mounted POSIX Message Queue File System.
[   23.116466] systemd[1]: Started Journal Service.
[[0;32m  OK  [0m] Started Journal Service.
[[0;32m  OK  [0m] Started Remount Root and Kernel File Systems.
[[0;32m  OK  [0m] Started Set console keymap.
[[0;32m  OK  [0m] Started Load Kernel Modules.
[[0;32m  OK  [0m] Started Uncomplicated firewall.
[[0;32m  OK  [0m] Started Create list of required sta...ce nodes for the current kernel.
[[0;32m  OK  [0m] Started Nameserver information manager.
[[0;32m  OK  [0m] Started LVM2 metadata daemon.
         Starting Create Static Device Nodes in /dev...
         Starting Apply Kernel Variables...
         Mounting FUSE Control File System...
         Starting Load/Save Random Seed...
         Starting Initial cloud-init job (pre-networking)...
         Starting udev Coldplug all Devices...
         Starting Flush Journal to Persistent Storage...
[[0;32m  OK  [0m] Mounted FUSE Control File System.
[[0;32m  OK  [0m] Started Monitoring of LVM2 mirrors,...ng dmeventd or progress polling.
[[0;32m  OK  [0m] Started Create Static Device Nodes in /dev.
[[0;32m  OK  [0m] Started Apply Kernel Variables.
[[0;32m  OK  [0m] Started Load/Save Random Seed.
[[0;32m  OK  [0m] Started Flush Journal to Persistent Storage.
[[0;32m  OK  [0m] Started udev Coldplug all Devices.
         Starting udev Kernel Device Manager...
[[0;32m  OK  [0m] Started udev Kernel Device Manager.
[[0;32m  OK  [0m] Reached target Local File Systems (Pre).
[[0;32m  OK  [0m] Reached target Local File Systems.
         Starting LSB: AppArmor initialization...
         Starting Create Volatile Files and Directories...
         Starting Tell Plymouth To Write Out Runtime Data...
         Starting Set console font and keymap...
[[0;32m  OK  [0m] Started Dispatch Password Requests to Console Directory Watch.
[[0;32m  OK  [0m] Started Create Volatile Files and Directories.
[[0;32m  OK  [0m] Started Tell Plymouth To Write Out Runtime Data.
[[0;32m  OK  [0m] Found device /dev/ttyS0.
[[0;32m  OK  [0m] Reached target System Time Synchronized.
         Starting Update UTMP about System Boot/Shutdown...
[[0;32m  OK  [0m] Started LSB: AppArmor initialization.
[[0;32m  OK  [0m] Started Initial cloud-init job (pre-networking).
[   19.021695] cloud-init[475]: Cloud-init v. 0.7.9 running 'init-local' at Wed, 01 Nov 2017 18:45:34 +0000. Up 18.47 seconds.
[[0;32m  OK  [0m] Started Update UTMP about System Boot/Shutdown.
[[0;32m  OK  [0m] Listening on Load/Save RF Kill Switch Status /dev/rfkill Watch.
[[0;32m  OK  [0m] Reached target Network (Pre).
[[0;32m  OK  [0m] Started ifup for enp0s8.
[[0;32m  OK  [0m] Started ifup for enp0s3.
         Starting Raise network interfaces...
[[0;32m  OK  [0m] Started Set console font and keymap.
[[0;32m  OK  [0m] Found device 82540EM Gigabit Ethern...r (PRO/1000 MT Desktop Adapter).
[[0;32m  OK  [0m] Found device 82540EM Gigabit Ethern...r (PRO/1000 MT Desktop Adapter).
[[0;32m  OK  [0m] Created slice system-getty.slice.
[[0;32m  OK  [0m] Started Raise network interfaces.
         Starting Initial cloud-init job (metadata service crawler)...
[[0;32m  OK  [0m] Reached target Network.
[   22.814832] cloud-init[1066]: Cloud-init v. 0.7.9 running 'init' at Wed, 01 Nov 2017 18:45:37 +0000. Up 22.35 seconds.
[   22.834493] cloud-init[1066]: ci-info: ++++++++++++++++++++++++++++++++++++++Net device info++++++++++++++++++++++++++++++++++++++
[[0;32m  OK  [0m] Started Initial cloud-init job (metadata service crawler).
[   22.920299] cloud-init[1066]: ci-info: +--------+------+-----------------------------+---------------+-------+-------------------+
[   22.984204] cloud-init[1066]: ci-info: | Device |  Up  |           Address           |      Mask     | Scope |     Hw-Address    |
[   23.032527] cloud-init[1066]: ci-info: +--------+------+-----------------------------+---------------+-------+-------------------+
[[0;32m  OK  [0m] Reached target System Initialization.
[   23.164638] cloud-init[1066]: ci-info: | enp0s8 | True |        192.168.33.97        | 255.255.255.0 |   .   | 08:00:27:a1:7e:b2 |
[   23.277938] cloud-init[1066]: ci-info: | enp0s8 | True | fe80::a00:27ff:fea1:7eb2/64 |       .       |  link | 08:00:27:a1:7e:b2 |
[[0;32m  OK  [0m] Started ACPI Events Check.
[[0;32m  OK  [0m] Reached target Paths.
[   23.387185] cloud-init[1066]: ci-info: |   lo   | True |          127.0.0.1          |   255.0.0.0   |   .   |         .         |
[   23.472868] cloud-init[1066]: ci-info: |   lo   | True |           ::1/128           |       .       |  host |         .         |
[[0;32m  OK  [0m] Listening on UUID daemon activation socket.
[   23.525872] cloud-init[1066]: ci-info: | enp0s3 | True |          10.0.2.15          | 255.255.255.0 |   .   | 02:d7:1c:16:c9:17 |
[   23.641032] cloud-init[1066]: ci-info: | enp0s3 | True |  fe80::d7:1cff:fe16:c917/64 |       .       |  link | 02:d7:1c:16:c9:17 |
[   23.729588] cloud-init[1066]: ci-info: +--------+------+-----------------------------+---------------+-------+-------------------+
[[0;32m  OK  [0m] Started Timer to automatically refresh installed snaps.
[[0;32m  OK  [0m] Listening on D-Bus System Message Bus Socket.
[   23.806411] cloud-init[1066]: ci-info: ++++++++++++++++++++++++++++Route IPv4 info++++++++++++++++++++++++++++
[   23.896435] cloud-init[1066]: ci-info: +-------+--------------+----------+---------------+-----------+-------+
[[0;32m  OK  [0m] Started Daily Cleanup of Temporary Directories.
[[0;32m  OK  [0m] Listening on ACPID Listen Socket.
         Starting Socket activation for snappy daemon.
[   23.918615] cloud-init[1066]: ci-info: | Route | Destination  | Gateway  |    Genmask    | Interface | Flags |
[   24.020637] [cloud-init[0;32m  OK  [0m[1066]: ] ci-info: +-------+--------------+----------+---------------+-----------+-------+Started Timer to automatically fetch and run repair assertions.

[   24.021240] cloud-init[1066]: ci-info: |   0   |   0.0.0.0    | 10.0.2.2 |    0.0.0.0    |   enp0s3  |   UG  |
[   24.111053]          cloud-initStarting LXD - unix socket.[1066]: 
ci-info: |   1   |   10.0.2.0   | 0.0.0.0  | 255.255.255.0 |   enp0s3  |   U   |
[   24.177662] [cloud-init[0;32m  OK  [0m[1066]: ] ci-info: |   2   | 192.168.33.0 | 0.0.0.0  | 255.255.255.0 |   enp0s8  |   U   |Reached target Network is Online.

[[0;32m  OK  [0m] Started Daily apt download activities.
[[0;32m  OK  [0m] Started Daily apt upgrade and clean activities.
[   24.178259] cloud-init[1066]: ci-info: +-------+--------------+----------+---------------+-----------+-------+
[[0;32m  OK  [0m] Reached target Timers.
         Starting iSCSI initiator daemon (iscsid)...
[[0;32m  OK  [0m] Reached target Cloud-config availability.
[[0;32m  OK  [0m] Listening on Socket activation for snappy daemon.
[[0;32m  OK  [0m] Listening on LXD - unix socket.
[[0;32m  OK  [0m] Started iSCSI initiator daemon (iscsid).
         Starting Login to default iSCSI targets...
[[0;32m  OK  [0m] Reached target Sockets.
[[0;32m  OK  [0m] Reached target Basic System.
[[0;32m  OK  [0m] Started Regular background program processing daemon.
         Starting LSB: Record successful boot for GRUB...
         Starting LXD - container startup/shutdown...
[[0;32m  OK  [0m] Started D-Bus System Message Bus.
         Starting System Logging Service...
         Starting Login Service...
         Starting Apply the settings specified in cloud-config...
         Starting MySQL Community Server...
         Starting /etc/rc.local Compatibility...
         Starting Accounts Service...
[[0;32m  OK  [0m] Started Unattended Upgrades Shutdown.
         Starting OpenBSD Secure Shell server...
         Starting LSB: MD monitoring daemon...
[[0;32m  OK  [0m] Started ACPI event daemon.
[[0;32m  OK  [0m] Started FUSE filesystem for LXC.
[[0;32m  OK  [0m] Started Deferred execution scheduler.
         Starting Snappy daemon...
[[0;32m  OK  [0m] Started System Logging Service.
[[0;32m  OK  [0m] Started OpenBSD Secure Shell server.
[[0;32m  OK  [0m] Started LXD - container startup/shutdown.
[[0;32m  OK  [0m] Started /etc/rc.local Compatibility.
[[0;32m  OK  [0m] Started Snappy daemon.
[[0;32m  OK  [0m] Started LSB: Record successful boot for GRUB.
[[0;32m  OK  [0m] Started Login to default iSCSI targets.
[[0;32m  OK  [0m] Started LSB: MD monitoring daemon.
[   25.648515] cloud-init[1148]: Cloud-init v. 0.7.9 running 'modules:config' at Wed, 01 Nov 2017 18:45:40 +0000. Up 25.35 seconds.
[[0;32m  OK  [0m] Started Login Service.
         Starting Authenticate and Authorize Users to Run Privileged Tasks...
[[0;32m  OK  [0m] Reached target Remote File Systems (Pre).
[[0;32m  OK  [0m] Reached target Remote File Systems.
         Starting LSB: Set the CPU Frequency Scaling governor to "ondemand"...
         Starting LSB: Apache2 web server...
         Starting Permit User Sessions...
         Starting LSB: automatic crash report generation...
         Starting LSB: VirtualBox Linux Additions...
         Starting LSB: daemon to balance interrupts for SMP systems...
         Starting Auto import assertions from block devices...
[[0;32m  OK  [0m] Started Apply the settings specified in cloud-config.
[[0;32m  OK  [0m] Started Permit User Sessions.
[[0;32m  OK  [0m] Started Auto import assertions from block devices.
[[0;32m  OK  [0m] Started Authenticate and Authorize Users to Run Privileged Tasks.
[[0;32m  OK  [0m] Started Accounts Service.
[[0;32m  OK  [0m] Started LSB: Set the CPU Frequency Scaling governor to "ondemand".
         Starting Terminate Plymouth Boot Screen...
         Starting Hold until boot process finishes up...
[[0;32m  OK  [0m] Started LSB: automatic crash report generation.
[[0;32m  OK  [0m] Started LSB: daemon to balance interrupts for SMP systems.
[[0;32m  OK  [0m] Started Terminate Plymouth Boot Screen.
[[0;32m  OK  [0m] Started LSB: VirtualBox Linux Additions.
[[0;32m  OK  [0m] Started Hold until boot process finishes up.
[[0;32m  OK  [0m] Started Getty on tty1.
[[0;32m  OK  [0m] Started Serial Getty on ttyS0.
[[0;32m  OK  [0m] Reached target Login Prompts.
         Starting Set console scheme...
[[0;32m  OK  [0m] Started Set console scheme.
[[0;32m  OK  [0m] Started MySQL Community Server.
[[0;32m  OK  [0m] Started LSB: Apache2 web server.
[[0;32m  OK  [0m] Reached target Multi-User System.
         Starting Execute cloud user/final scripts...
[[0;32m  OK  [0m] Reached target Graphical Interface.
         Starting Update UTMP about System Runlevel Changes...
[[0;32m  OK  [0m] Started Update UTMP about System Runlevel Changes.
[   28.041292] cloud-init[1382]: Cloud-init v. 0.7.9 running 'modules:final' at Wed, 01 Nov 2017 18:45:43 +0000. Up 27.87 seconds.
[   28.136930] cloud-init[1382]: Cloud-init v. 0.7.9 finished at Wed, 01 Nov 2017 18:45:43 +0000. Datasource DataSourceNoCloud [seed=/dev/sdb][dsmode=net].  Up 28.03 seconds
[[0;32m  OK  [0m] Started Execute cloud user/final scripts.
[[0;32m  OK  [0m] Reached target Cloud-init target.

Ubuntu 16.04.3 LTS laravelxenial ttyS0

laravelxenial login: 